OUT Buildfile: [TestData]/build.xml
OUT build:
ERR BUILD FAILED
ERR [TestData]/build.xml:5: "output" should be specified
ERR Total time: [time]
Return code: 1
