OUT Buildfile: [TestData]/build.xml
OUT build:
OUT [kotlin2js] Compiling [[TestData]/root1] => [[Temp]/out.js]
OUT BUILD SUCCESSFUL
OUT Total time: [time]
Return code: 0
