OUT Buildfile: [TestData]/build.xml
OUT build:
OUT   [kotlinc] Compiling [[[TestData]/hello.kt]] => [[Temp]/hello.jar]
OUT BUILD SUCCESSFUL
OUT Total time: [time]
Return code: 0
