OUT Buildfile: [TestData]/build.xml
OUT build:
OUT   [kotlinc] Compiling [[[TestData]/root1, [TestData]/root2]] => [[Temp]/hello.jar]
OUT BUILD SUCCESSFUL
OUT Total time: [time]
Return code: 0
